Archive member included to satisfy reference by file (symbol)

/usr/lib/gcc/arm-none-eabi/14.2.1/thumb/v6-m/nofp/libgcc.a(_thumb1_case_uqi.o)
                              objdir-CWNANO/stm32f0_hal_lowlevel.o (__gnu_thumb1_case_uqi)
/usr/lib/gcc/arm-none-eabi/14.2.1/thumb/v6-m/nofp/libgcc.a(_udivsi3.o)
                              objdir-CWNANO/stm32f0_hal_lowlevel.o (__aeabi_uidiv)
/usr/lib/gcc/arm-none-eabi/14.2.1/thumb/v6-m/nofp/libgcc.a(_divsi3.o)
                              objdir-CWNANO/mayo_shake.o (__aeabi_idivmod)
/usr/lib/gcc/arm-none-eabi/14.2.1/thumb/v6-m/nofp/libgcc.a(_dvmd_tls.o)
                              /usr/lib/gcc/arm-none-eabi/14.2.1/thumb/v6-m/nofp/libgcc.a(_udivsi3.o) (__aeabi_idiv0)
/usr/lib/gcc/arm-none-eabi/14.2.1/thumb/v6-m/nofp/libgcc.a(_lshrdi3.o)
                              objdir-CWNANO/mayo_shake.o (__aeabi_llsr)
/usr/lib/gcc/arm-none-eabi/14.2.1/thumb/v6-m/nofp/libgcc.a(_ashldi3.o)
                              objdir-CWNANO/mayo_shake.o (__aeabi_llsl)
/usr/lib/gcc/arm-none-eabi/14.2.1/../../../arm-none-eabi/lib/thumb/v6-m/nofp/libg_nano.a(libc_a-init.o)
                              /usr/lib/gcc/arm-none-eabi/14.2.1/../../../arm-none-eabi/lib/thumb/v6-m/nofp/crt0.o (__libc_init_array)
/usr/lib/gcc/arm-none-eabi/14.2.1/../../../arm-none-eabi/lib/thumb/v6-m/nofp/libg_nano.a(libc_a-memset.o)
                              /usr/lib/gcc/arm-none-eabi/14.2.1/../../../arm-none-eabi/lib/thumb/v6-m/nofp/crt0.o (memset)
/usr/lib/gcc/arm-none-eabi/14.2.1/../../../arm-none-eabi/lib/thumb/v6-m/nofp/libg_nano.a(libc_a-memcpy-stub.o)
                              objdir-CWNANO/mayo_core.o (memcpy)
/usr/lib/gcc/arm-none-eabi/14.2.1/../../../arm-none-eabi/lib/thumb/v6-m/nofp/libg_nano.a(libc_a-exit.o)
                              /usr/lib/gcc/arm-none-eabi/14.2.1/../../../arm-none-eabi/lib/thumb/v6-m/nofp/crt0.o (exit)
/usr/lib/gcc/arm-none-eabi/14.2.1/../../../arm-none-eabi/lib/thumb/v6-m/nofp/libg_nano.a(libc_a-atexit.o)
                              /usr/lib/gcc/arm-none-eabi/14.2.1/../../../arm-none-eabi/lib/thumb/v6-m/nofp/crt0.o (atexit)
/usr/lib/gcc/arm-none-eabi/14.2.1/../../../arm-none-eabi/lib/thumb/v6-m/nofp/libg_nano.a(libc_a-fini.o)
                              /usr/lib/gcc/arm-none-eabi/14.2.1/../../../arm-none-eabi/lib/thumb/v6-m/nofp/crt0.o (__libc_fini_array)
/usr/lib/gcc/arm-none-eabi/14.2.1/../../../arm-none-eabi/lib/thumb/v6-m/nofp/libg_nano.a(libc_a-findfp.o)
                              /usr/lib/gcc/arm-none-eabi/14.2.1/../../../arm-none-eabi/lib/thumb/v6-m/nofp/libg_nano.a(libc_a-exit.o) (__stdio_exit_handler)
/usr/lib/gcc/arm-none-eabi/14.2.1/../../../arm-none-eabi/lib/thumb/v6-m/nofp/libg_nano.a(libc_a-fflush.o)
                              /usr/lib/gcc/arm-none-eabi/14.2.1/../../../arm-none-eabi/lib/thumb/v6-m/nofp/libg_nano.a(libc_a-findfp.o) (_fflush_r)
/usr/lib/gcc/arm-none-eabi/14.2.1/../../../arm-none-eabi/lib/thumb/v6-m/nofp/libg_nano.a(libc_a-mallocr.o)
                              /usr/lib/gcc/arm-none-eabi/14.2.1/../../../arm-none-eabi/lib/thumb/v6-m/nofp/libg_nano.a(libc_a-findfp.o) (_malloc_r)
/usr/lib/gcc/arm-none-eabi/14.2.1/../../../arm-none-eabi/lib/thumb/v6-m/nofp/libg_nano.a(libc_a-freer.o)
                              /usr/lib/gcc/arm-none-eabi/14.2.1/../../../arm-none-eabi/lib/thumb/v6-m/nofp/libg_nano.a(libc_a-fflush.o) (_free_r)
/usr/lib/gcc/arm-none-eabi/14.2.1/../../../arm-none-eabi/lib/thumb/v6-m/nofp/libg_nano.a(libc_a-fwalk.o)
                              /usr/lib/gcc/arm-none-eabi/14.2.1/../../../arm-none-eabi/lib/thumb/v6-m/nofp/libg_nano.a(libc_a-findfp.o) (_fwalk_sglue)
/usr/lib/gcc/arm-none-eabi/14.2.1/../../../arm-none-eabi/lib/thumb/v6-m/nofp/libg_nano.a(libc_a-__atexit.o)
                              /usr/lib/gcc/arm-none-eabi/14.2.1/../../../arm-none-eabi/lib/thumb/v6-m/nofp/libg_nano.a(libc_a-atexit.o) (__register_exitproc)
/usr/lib/gcc/arm-none-eabi/14.2.1/../../../arm-none-eabi/lib/thumb/v6-m/nofp/libg_nano.a(libc_a-impure.o)
                              /usr/lib/gcc/arm-none-eabi/14.2.1/../../../arm-none-eabi/lib/thumb/v6-m/nofp/libg_nano.a(libc_a-fflush.o) (_impure_ptr)
/usr/lib/gcc/arm-none-eabi/14.2.1/../../../arm-none-eabi/lib/thumb/v6-m/nofp/libg_nano.a(libc_a-mlock.o)
                              /usr/lib/gcc/arm-none-eabi/14.2.1/../../../arm-none-eabi/lib/thumb/v6-m/nofp/libg_nano.a(libc_a-mallocr.o) (__malloc_lock)
/usr/lib/gcc/arm-none-eabi/14.2.1/../../../arm-none-eabi/lib/thumb/v6-m/nofp/libg_nano.a(libc_a-sbrkr.o)
                              /usr/lib/gcc/arm-none-eabi/14.2.1/../../../arm-none-eabi/lib/thumb/v6-m/nofp/libg_nano.a(libc_a-mallocr.o) (_sbrk_r)
/usr/lib/gcc/arm-none-eabi/14.2.1/../../../arm-none-eabi/lib/thumb/v6-m/nofp/libg_nano.a(libc_a-stdio.o)
                              /usr/lib/gcc/arm-none-eabi/14.2.1/../../../arm-none-eabi/lib/thumb/v6-m/nofp/libg_nano.a(libc_a-findfp.o) (__sread)
[...]
Memory Configuration

Name             Origin             Length             Attributes
RAM              0x20000000         0x00001000         xrw
ROM              0x08000000         0x00008000         xr
*default*        0x00000000         0xffffffff

Linker script and memory map

LOAD /usr/lib/gcc/arm-none-eabi/14.2.1/thumb/v6-m/nofp/crti.o
LOAD /usr/lib/gcc/arm-none-eabi/14.2.1/thumb/v6-m/nofp/crtbegin.o
LOAD /usr/lib/gcc/arm-none-eabi/14.2.1/../../../arm-none-eabi/lib/thumb/v6-m/nofp/crt0.o
LOAD objdir-CWNANO/simpleserial-base.o
LOAD objdir-CWNANO/mayo_core.o
LOAD objdir-CWNANO/mayo_shake.o
LOAD objdir-CWNANO/simpleserial.o
LOAD objdir-CWNANO/hal.o
LOAD objdir-CWNANO/stm32f0_hal_nano.o
LOAD objdir-CWNANO/stm32f0_hal_lowlevel.o
LOAD objdir-CWNANO/stm32f0_startup.o
LOAD /usr/lib/gcc/arm-none-eabi/14.2.1/../../../arm-none-eabi/lib/thumb/v6-m/nofp/libm.a
LOAD /usr/lib/gcc/arm-none-eabi/14.2.1/../../../arm-none-eabi/lib/thumb/v6-m/nofp/libm.a
START GROUP
LOAD /usr/lib/gcc/arm-none-eabi/14.2.1/thumb/v6-m/nofp/libgcc.a
LOAD /usr/lib/gcc/arm-none-eabi/14.2.1/../../../arm-none-eabi/lib/thumb/v6-m/nofp/libg_nano.a
LOAD /usr/lib/gcc/arm-none-eabi/14.2.1/../../../arm-none-eabi/lib/thumb/v6-m/nofp/libc_nano.a
END GROUP
START GROUP
LOAD /usr/lib/gcc/arm-none-eabi/14.2.1/thumb/v6-m/nofp/libgcc.a
LOAD /usr/lib/gcc/arm-none-eabi/14.2.1/../../../arm-none-eabi/lib/thumb/v6-m/nofp/libc_nano.a
LOAD /usr/lib/gcc/arm-none-eabi/14.2.1/../../../arm-none-eabi/lib/thumb/v6-m/nofp/libnosys.a
END GROUP
START GROUP
LOAD /usr/lib/gcc/arm-none-eabi/14.2.1/thumb/v6-m/nofp/libgcc.a
LOAD /usr/lib/gcc/arm-none-eabi/14.2.1/../../../arm-none-eabi/lib/thumb/v6-m/nofp/libc_nano.a
LOAD /usr/lib/gcc/arm-none-eabi/14.2.1/../../../arm-none-eabi/lib/thumb/v6-m/nofp/libnosys.a
END GROUP
LOAD /usr/lib/gcc/arm-none-eabi/14.2.1/thumb/v6-m/nofp/crtend.o
LOAD /usr/lib/gcc/arm-none-eabi/14.2.1/thumb/v6-m/nofp/crtn.o
                0x20001000                        _estack = 0x20001000
                0x00000000                        _Min_Heap_Size = 0x0
                0x00000200                        _Min_Stack_Size = 0x200

.isr_vector     0x08000000      0x188
                0x08000000                        . = ALIGN (0x4)
 *(.isr_vector)
 .isr_vector    0x08000000      0x188 objdir-CWNANO/stm32f0_startup.o
                0x08000000                g_pfnVectors
                0x08000188                        . = ALIGN (0x4)

.text           0x08000188     0x22fc
                0x08000188                        . = ALIGN (0x4)
 *(.text)
 .text          0x08000188       0x98 /usr/lib/gcc/arm-none-eabi/14.2.1/thumb/v6-m/nofp/crtbegin.o
 .text          0x08000220       0x14 /usr/lib/gcc/arm-none-eabi/14.2.1/thumb/v6-m/nofp/libgcc.a(_thumb1_case_uqi.o)
                0x08000220                __gnu_thumb1_case_uqi
 .text          0x08000234      0x114 /usr/lib/gcc/arm-none-eabi/14.2.1/thumb/v6-m/nofp/libgcc.a(_udivsi3.o)
                0x08000234                __udivsi3
                0x08000234                __aeabi_uidiv
                0x08000340                __aeabi_uidivmod
 .text          0x08000348      0x1d4 /usr/lib/gcc/arm-none-eabi/14.2.1/thumb/v6-m/nofp/libgcc.a(_divsi3.o)
                0x08000348                __aeabi_idiv
                0x08000348                __divsi3
                0x08000514                __aeabi_idivmod
 .text          0x0800051c        0x4 /usr/lib/gcc/arm-none-eabi/14.2.1/thumb/v6-m/nofp/libgcc.a(_dvmd_tls.o)
                0x0800051c                __aeabi_ldiv0
                0x0800051c                __aeabi_idiv0
 .text          0x08000520       0x18 /usr/lib/gcc/arm-none-eabi/14.2.1/thumb/v6-m/nofp/libgcc.a(_lshrdi3.o)
                0x08000520                __aeabi_llsr
                0x08000520                __lshrdi3
 .text          0x08000538       0x18 /usr/lib/gcc/arm-none-eabi/14.2.1/thumb/v6-m/nofp/libgcc.a(_ashldi3.o)
                0x08000538                __ashldi3
                0x08000538                __aeabi_llsl
 .text          0x08000550       0x48 /usr/lib/gcc/arm-none-eabi/14.2.1/../../../arm-none-eabi/lib/thumb/v6-m/nofp/libg_nano.a(libc_a-init.o)
                0x08000550                __libc_init_array
 .text          0x08000598       0xa8 /usr/lib/gcc/arm-none-eabi/14.2.1/../../../arm-none-eabi/lib/thumb/v6-m/nofp/libg_nano.a(libc_a-memset.o)
                0x08000598                memset
 .text          0x08000640       0x8c /usr/lib/gcc/arm-none-eabi/14.2.1/../../../arm-none-eabi/lib/thumb/v6-m/nofp/libg_nano.a(libc_a-memcpy-stub.o)
                0x08000640                memcpy
 *(.text*)
 .text.cmd_load_key
                0x080006cc       0x14 objdir-CWNANO/simpleserial-base.o
                0x080006cc                cmd_load_key
 .text.cmd_reset
                0x080006e0       0x20 objdir-CWNANO/simpleserial-base.o
                0x080006e0                cmd_reset
 .text.cmd_sign
                0x08000700       0x54 objdir-CWNANO/simpleserial-base.o
                0x08000700                cmd_sign
 .text.startup.main
                0x08000754       0x44 objdir-CWNANO/simpleserial-base.o
                0x08000754                main
 .text.gf16_mul
                0x08000798       0x18 objdir-CWNANO/mayo_core.o
 .text.nibble_get
                0x080007b0       0x12 objdir-CWNANO/mayo_core.o
 .text.decode_bs8
                0x080007c2       0x4a objdir-CWNANO/mayo_core.o
 .text.nibble_set
                0x0800080c       0x24 objdir-CWNANO/mayo_core.o
 .text.nibble_add
                0x08000830       0x1e objdir-CWNANO/mayo_core.o
 *fill*         0x0800084e        0x2 
 .text.add_El_M_to_A.constprop.0
                0x08000850       0x60 objdir-CWNANO/mayo_core.o
 .text.mayo_expand_sk
                0x080008b0      0x154 objdir-CWNANO/mayo_core.o
                0x080008b0                mayo_expand_sk
 .text.mayo_sign
                0x08000a04      0x5d4 objdir-CWNANO/mayo_core.o
                0x08000a04                mayo_sign
 .text.keccak_f1600
                0x08000fd8      0x554 objdir-CWNANO/mayo_shake.o
 .text.shake256_init
                0x0800152c        0xc objdir-CWNANO/mayo_shake.o
                0x0800152c                shake256_init
 .text.shake256_absorb
                0x08001538       0x34 objdir-CWNANO/mayo_shake.o
                0x08001538                shake256_absorb
 .text.shake256_finalize
                0x0800156c       0x2a objdir-CWNANO/mayo_shake.o
                0x0800156c                shake256_finalize
 .text.shake256_squeeze
                0x08001596       0x2c objdir-CWNANO/mayo_shake.o
                0x08001596                shake256_squeeze
 *fill*         0x080015c2        0x2 
 .text.shake256_multi
                0x080015c4       0x7c objdir-CWNANO/mayo_shake.o
                0x080015c4                shake256_multi
 .text.check_version
                0x08001640        0x4 objdir-CWNANO/simpleserial.o
                0x08001640                check_version
 .text.simpleserial_put.part.0
                0x08001644       0x38 objdir-CWNANO/simpleserial.o
 .text.ss_num_commands
                0x0800167c       0x1c objdir-CWNANO/simpleserial.o
                0x0800167c                ss_num_commands
 .text.ss_get_commands
                0x08001698       0x4c objdir-CWNANO/simpleserial.o
                0x08001698                ss_get_commands
 .text.hex_decode
                0x080016e4       0x70 objdir-CWNANO/simpleserial.o
                0x080016e4                hex_decode
 .text.simpleserial_addcmd_flags
                0x08001754       0x30 objdir-CWNANO/simpleserial.o
                0x08001754                simpleserial_addcmd_flags
 .text.simpleserial_addcmd
                0x08001784        0xa objdir-CWNANO/simpleserial.o
                0x08001784                simpleserial_addcmd
 *fill*         0x0800178e        0x2 
 .text.simpleserial_init
                0x08001790       0x30 objdir-CWNANO/simpleserial.o
                0x08001790                simpleserial_init
 .text.simpleserial_get
                0x080017c0       0xb8 objdir-CWNANO/simpleserial.o
                0x080017c0                simpleserial_get
 .text.simpleserial_put
                0x08001878        0xc objdir-CWNANO/simpleserial.o
                0x08001878                simpleserial_put
 .text.platform_init
                0x08001884       0x58 objdir-CWNANO/stm32f0_hal_nano.o
                0x08001884                platform_init
 .text.init_uart
                0x080018dc       0x80 objdir-CWNANO/stm32f0_hal_nano.o
                0x080018dc                init_uart
 .text.trigger_setup
                0x0800195c       0x88 objdir-CWNANO/stm32f0_hal_nano.o
                0x0800195c                trigger_setup
 .text.trigger_high
                0x080019e4       0x10 objdir-CWNANO/stm32f0_hal_nano.o
                0x080019e4                trigger_high
 .text.trigger_low
                0x080019f4       0x10 objdir-CWNANO/stm32f0_hal_nano.o
                0x080019f4                trigger_low
 .text.getch    0x08001a04       0x30 objdir-CWNANO/stm32f0_hal_nano.o
                0x08001a04                getch
 .text.putch    0x08001a34       0x1c objdir-CWNANO/stm32f0_hal_nano.o
                0x08001a34                putch
 .text.HAL_GetTick
                0x08001a50       0x10 objdir-CWNANO/stm32f0_hal_lowlevel.o
                0x08001a50                HAL_GetTick
 .text.HAL_RCC_OscConfig
                0x08001a60      0x3bc objdir-CWNANO/stm32f0_hal_lowlevel.o
                0x08001a60                HAL_RCC_OscConfig
 .text.HAL_RCC_ClockConfig
                0x08001e1c      0x114 objdir-CWNANO/stm32f0_hal_lowlevel.o
                0x08001e1c                HAL_RCC_ClockConfig
 .text.HAL_GPIO_Init
                0x08001f30      0x164 objdir-CWNANO/stm32f0_hal_lowlevel.o
                0x08001f30                HAL_GPIO_Init
 .text.HAL_GPIO_WritePin
                0x08002094        0xc objdir-CWNANO/stm32f0_hal_lowlevel.o
                0x08002094                HAL_GPIO_WritePin
 .text.UART_WaitOnFlagUntilTimeout
                0x080020a0       0x64 objdir-CWNANO/stm32f0_hal_lowlevel.o
                0x080020a0                UART_WaitOnFlagUntilTimeout
 .text.UART_SetConfig
                0x08002104      0x100 objdir-CWNANO/stm32f0_hal_lowlevel.o
                0x08002104                UART_SetConfig
 .text.HAL_UART_Init
                0x08002204       0x64 objdir-CWNANO/stm32f0_hal_lowlevel.o
                0x08002204                HAL_UART_Init
 .text.HAL_UART_Receive
                0x08002268       0xec objdir-CWNANO/stm32f0_hal_lowlevel.o
                0x08002268                HAL_UART_Receive
 .text.HAL_UART_Transmit
                0x08002354       0xcc objdir-CWNANO/stm32f0_hal_lowlevel.o
                0x08002354                HAL_UART_Transmit
 .text.Reset_Handler
                0x08002420       0x48 objdir-CWNANO/stm32f0_startup.o
                0x08002420                Reset_Handler
 .text.Default_Handler
                0x08002468        0x2 objdir-CWNANO/stm32f0_startup.o
                0x08002468                DebugMon_Handler
                0x08002468                HardFault_Handler
                0x08002468                SysTick_Handler
                0x08002468                PendSV_Handler
                0x08002468                NMI_Handler
                0x08002468                UsageFault_Handler
                0x08002468                Default_Handler
                0x08002468                MemManage_Handler
                0x08002468                SVC_Handler
                0x08002468                BusFault_Handler
 *(.glue_7)
 .glue_7        0x0800246a        0x0 linker stubs
 *(.glue_7t)
 .glue_7t       0x0800246a        0x0 linker stubs
 *(.eh_frame)
 *fill*         0x0800246a        0x2 
 .eh_frame      0x0800246c        0x0 /usr/lib/gcc/arm-none-eabi/14.2.1/thumb/v6-m/nofp/crtbegin.o
 *(.init)
 .init          0x0800246c        0x4 /usr/lib/gcc/arm-none-eabi/14.2.1/thumb/v6-m/nofp/crti.o
                0x0800246c                _init
 .init          0x08002470        0x8 /usr/lib/gcc/arm-none-eabi/14.2.1/thumb/v6-m/nofp/crtn.o
 *(.fini)
 .fini          0x08002478        0x4 /usr/lib/gcc/arm-none-eabi/14.2.1/thumb/v6-m/nofp/crti.o
                0x08002478                _fini
 .fini          0x0800247c        0x8 /usr/lib/gcc/arm-none-eabi/14.2.1/thumb/v6-m/nofp/crtn.o
                0x08002484                        . = ALIGN (0x4)
                0x08002484                        _etext = .

.vfp11_veneer   0x08002484        0x0
 .vfp11_veneer  0x08002484        0x0 linker stubs

.v4_bx          0x08002484        0x0
 .v4_bx         0x08002484        0x0 linker stubs

.iplt           0x08002484        0x0
 .iplt          0x08002484        0x0 /usr/lib/gcc/arm-none-eabi/14.2.1/thumb/v6-m/nofp/crtbegin.o

.rodata         0x08002488      0x208
                0x08002488                        . = ALIGN (0x4)
 *(.rodata)
 .rodata        0x08002488      0x110 objdir-CWNANO/mayo_core.o
                0x08002498                GF16_MUL
 .rodata        0x08002598       0xe0 objdir-CWNANO/mayo_shake.o
 .rodata        0x08002678       0x10 objdir-CWNANO/simpleserial.o
 .rodata        0x08002688        0x3 objdir-CWNANO/stm32f0_hal_lowlevel.o
 *(.rodata*)
 .rodata.str1.1
                0x0800268b        0x2 objdir-CWNANO/simpleserial-base.o
                0x08002690                        . = ALIGN (0x4)
 *fill*         0x0800268d        0x3 

.rel.dyn        0x08002690        0x0
 .rel.iplt      0x08002690        0x0 /usr/lib/gcc/arm-none-eabi/14.2.1/thumb/v6-m/nofp/crtbegin.o

.ARM.extab      0x08002690        0x0
                0x08002690                        . = ALIGN (0x4)
 *(.ARM.extab* .gnu.linkonce.armextab.*)
                0x08002690                        . = ALIGN (0x4)

.ARM            0x08002690        0x0
                0x08002690                        . = ALIGN (0x4)
                0x08002690                        __exidx_start = .
 *(.ARM.exidx*)
                0x08002690                        __exidx_end = .
                0x08002690                        . = ALIGN (0x4)

.preinit_array  0x08002690        0x0
                0x08002690                        . = ALIGN (0x4)
                0x08002690                        PROVIDE (__preinit_array_start = .)
 *(.preinit_array*)
                0x08002690                        PROVIDE (__preinit_array_end = .)
                0x08002690                        . = ALIGN (0x4)

.init_array     0x08002690        0x4
                0x08002690                        . = ALIGN (0x4)
                0x08002690                        PROVIDE (__init_array_start = .)
 *(SORT_BY_NAME(.init_array.*))
 *(.init_array*)
 .init_array    0x08002690        0x4 /usr/lib/gcc/arm-none-eabi/14.2.1/thumb/v6-m/nofp/crtbegin.o
                0x08002694                        PROVIDE (__init_array_end = .)
                0x08002694                        . = ALIGN (0x4)

.fini_array     0x08002694        0x4
                0x08002694                        . = ALIGN (0x4)
                0x08002694                        PROVIDE (__fini_array_start = .)
 *(SORT_BY_NAME(.fini_array.*))
 *(.fini_array*)
 .fini_array    0x08002694        0x4 /usr/lib/gcc/arm-none-eabi/14.2.1/thumb/v6-m/nofp/crtbegin.o
                0x08002698                        PROVIDE (__fini_array_end = .)
                0x08002698                        . = ALIGN (0x4)
                0x08002698                        _sidata = LOADADDR (.data)

.data           0x20000000        0x4 load address 0x08002698
                0x20000000                        . = ALIGN (0x4)
                0x20000000                        _sdata = .
 *(.data)
 .data          0x20000000        0x4 objdir-CWNANO/stm32f0_hal_lowlevel.o
                0x20000000                SystemCoreClock
 *(.data*)
                0x20000004                        . = ALIGN (0x4)
                0x20000004                        _edata = .

.tm_clone_table
                0x20000004        0x0 load address 0x0800269c
 .tm_clone_table
                0x20000004        0x0 /usr/lib/gcc/arm-none-eabi/14.2.1/thumb/v6-m/nofp/crtbegin.o
 .tm_clone_table
                0x20000004        0x0 /usr/lib/gcc/arm-none-eabi/14.2.1/thumb/v6-m/nofp/crtend.o

.igot.plt       0x20000004        0x0 load address 0x0800269c
 .igot.plt      0x20000004        0x0 /usr/lib/gcc/arm-none-eabi/14.2.1/thumb/v6-m/nofp/crtbegin.o
                0x20000004                        . = ALIGN (0x4)

.bss            0x20000008      0x898 load address 0x0800269c
                0x20000008                        _sbss = .
                0x20000008                        __bss_start__ = _sbss
 *(.bss)
 .bss           0x20000008       0x1c /usr/lib/gcc/arm-none-eabi/14.2.1/thumb/v6-m/nofp/crtbegin.o
 .bss           0x20000024       0x43 objdir-CWNANO/simpleserial-base.o
 .bss           0x20000067      0x428 objdir-CWNANO/mayo_core.o
                0x2000024f                g_mayo_esk
 *fill*         0x2000048f        0x1 
 .bss           0x20000490      0x198 objdir-CWNANO/mayo_shake.o
                0x20000490                g_shake
 .bss           0x20000628      0x204 objdir-CWNANO/simpleserial.o
 .bss           0x2000082c       0x70 objdir-CWNANO/stm32f0_hal_nano.o
                0x2000082c                UartHandle
 .bss           0x2000089c        0x4 objdir-CWNANO/stm32f0_hal_lowlevel.o
 *(.bss*)
 *(COMMON)
                0x200008a0                        . = ALIGN (0x4)
                0x200008a0                        _ebss = .
                0x200008a0                        __bss_end__ = _ebss

._user_heap_stack
                0x200008a0      0x200 load address 0x0800269c
                0x200008a0                        . = ALIGN (0x8)
                0x200008a0                        PROVIDE (end = .)
                [!provide]                        PROVIDE (_end = .)
                0x200008a0                        . = (. + _Min_Heap_Size)
                0x20000aa0                        . = (. + _Min_Stack_Size)
 *fill*         0x200008a0      0x200 
                0x20000aa0                        . = ALIGN (0x8)

/DISCARD/
 libc.a(*)
 libm.a(*)
 libgcc.a(*)

.ARM.attributes
                0x00000000       0x28
 *(.ARM.attributes)
 .ARM.attributes
                0x00000000       0x1e /usr/lib/gcc/arm-none-eabi/14.2.1/thumb/v6-m/nofp/crti.o
 .ARM.attributes
                0x0000001e       0x2c /usr/lib/gcc/arm-none-eabi/14.2.1/thumb/v6-m/nofp/crtbegin.o
 .ARM.attributes
                0x0000004a       0x2c objdir-CWNANO/simpleserial-base.o
 .ARM.attributes
                0x00000076       0x2c objdir-CWNANO/mayo_core.o
 .ARM.attributes
                0x000000a2       0x2c objdir-CWNANO/mayo_shake.o
 .ARM.attributes
                0x000000ce       0x2c objdir-CWNANO/simpleserial.o
 .ARM.attributes
                0x000000fa       0x2c objdir-CWNANO/stm32f0_hal_nano.o
 .ARM.attributes
                0x00000126       0x2c objdir-CWNANO/stm32f0_hal_lowlevel.o
 .ARM.attributes
                0x00000152       0x21 objdir-CWNANO/stm32f0_startup.o
 .ARM.attributes
                0x00000173       0x1e /usr/lib/gcc/arm-none-eabi/14.2.1/thumb/v6-m/nofp/libgcc.a(_thumb1_case_uqi.o)
 .ARM.attributes
                0x00000191       0x1e /usr/lib/gcc/arm-none-eabi/14.2.1/thumb/v6-m/nofp/libgcc.a(_udivsi3.o)
 .ARM.attributes
                0x000001af       0x1e /usr/lib/gcc/arm-none-eabi/14.2.1/thumb/v6-m/nofp/libgcc.a(_divsi3.o)
 .ARM.attributes
                0x000001cd       0x1e /usr/lib/gcc/arm-none-eabi/14.2.1/thumb/v6-m/nofp/libgcc.a(_dvmd_tls.o)
 .ARM.attributes
                0x000001eb       0x1e /usr/lib/gcc/arm-none-eabi/14.2.1/thumb/v6-m/nofp/libgcc.a(_lshrdi3.o)
 .ARM.attributes
                0x00000209       0x1e /usr/lib/gcc/arm-none-eabi/14.2.1/thumb/v6-m/nofp/libgcc.a(_ashldi3.o)
 .ARM.attributes
                0x00000227       0x2c /usr/lib/gcc/arm-none-eabi/14.2.1/../../../arm-none-eabi/lib/thumb/v6-m/nofp/libg_nano.a(libc_a-init.o)
 .ARM.attributes
                0x00000253       0x2c /usr/lib/gcc/arm-none-eabi/14.2.1/../../../arm-none-eabi/lib/thumb/v6-m/nofp/libg_nano.a(libc_a-memset.o)
 .ARM.attributes
                0x0000027f       0x2c /usr/lib/gcc/arm-none-eabi/14.2.1/../../../arm-none-eabi/lib/thumb/v6-m/nofp/libg_nano.a(libc_a-memcpy-stub.o)
 .ARM.attributes
                0x000002ab       0x2c /usr/lib/gcc/arm-none-eabi/14.2.1/thumb/v6-m/nofp/crtend.o
 .ARM.attributes
                0x000002d7       0x1e /usr/lib/gcc/arm-none-eabi/14.2.1/thumb/v6-m/nofp/crtn.o
OUTPUT(simpleserial-base-CWNANO.elf elf32-littlearm)
LOAD linker stubs
LOAD /usr/lib/gcc/arm-none-eabi/14.2.1/../../../arm-none-eabi/lib/thumb/v6-m/nofp/libc.a
LOAD /usr/lib/gcc/arm-none-eabi/14.2.1/../../../arm-none-eabi/lib/thumb/v6-m/nofp/libm.a
LOAD /usr/lib/gcc/arm-none-eabi/14.2.1/thumb/v6-m/nofp/libgcc.a

.comment        0x00000000       0x4c
 .comment       0x00000000       0x4c /usr/lib/gcc/arm-none-eabi/14.2.1/thumb/v6-m/nofp/crtbegin.o
                                 0x27 (size before relaxing)
 .comment       0x0000004c        0x0 objdir-CWNANO/simpleserial-base.o
                                 0x27 (size before relaxing)
 .comment       0x0000004c        0x0 objdir-CWNANO/mayo_core.o
                                 0x27 (size before relaxing)
 .comment       0x0000004c        0x0 objdir-CWNANO/mayo_shake.o
                                 0x27 (size before relaxing)
 .comment       0x0000004c        0x0 objdir-CWNANO/simpleserial.o
                                 0x27 (size before relaxing)
 .comment       0x0000004c        0x0 objdir-CWNANO/stm32f0_hal_nano.o
                                 0x27 (size before relaxing)
 .comment       0x0000004c        0x0 objdir-CWNANO/stm32f0_hal_lowlevel.o
                                 0x27 (size before relaxing)
 .comment       0x0000004c        0x0 /usr/lib/gcc/arm-none-eabi/14.2.1/../../../arm-none-eabi/lib/thumb/v6-m/nofp/libg_nano.a(libc_a-init.o)
                                 0x27 (size before relaxing)
 .comment       0x0000004c        0x0 /usr/lib/gcc/arm-none-eabi/14.2.1/../../../arm-none-eabi/lib/thumb/v6-m/nofp/libg_nano.a(libc_a-memset.o)
                                 0x27 (size before relaxing)
 .comment       0x0000004c        0x0 /usr/lib/gcc/arm-none-eabi/14.2.1/../../../arm-none-eabi/lib/thumb/v6-m/nofp/libg_nano.a(libc_a-memcpy-stub.o)
                                 0x27 (size before relaxing)
 .comment       0x0000004c        0x0 /usr/lib/gcc/arm-none-eabi/14.2.1/thumb/v6-m/nofp/crtend.o
                                 0x27 (size before relaxing)

.debug_info     0x00000000     0x587b
 .debug_info    0x00000000      0x46f objdir-CWNANO/simpleserial-base.o
 .debug_info    0x0000046f     0x1bab objdir-CWNANO/mayo_core.o
 .debug_info    0x0000201a      0x5f8 objdir-CWNANO/mayo_shake.o
 .debug_info    0x00002612      0x936 objdir-CWNANO/simpleserial.o
 .debug_info    0x00002f48      0xf63 objdir-CWNANO/stm32f0_hal_nano.o
 .debug_info    0x00003eab     0x14dd objdir-CWNANO/stm32f0_hal_lowlevel.o
 .debug_info    0x00005388       0x31 /usr/lib/gcc/arm-none-eabi/14.2.1/thumb/v6-m/nofp/libgcc.a(_thumb1_case_uqi.o)
 .debug_info    0x000053b9       0x3e /usr/lib/gcc/arm-none-eabi/14.2.1/thumb/v6-m/nofp/libgcc.a(_udivsi3.o)
 .debug_info    0x000053f7       0x3e /usr/lib/gcc/arm-none-eabi/14.2.1/thumb/v6-m/nofp/libgcc.a(_divsi3.o)
 .debug_info    0x00005435       0x3c /usr/lib/gcc/arm-none-eabi/14.2.1/thumb/v6-m/nofp/libgcc.a(_dvmd_tls.o)
 .debug_info    0x00005471       0x3c /usr/lib/gcc/arm-none-eabi/14.2.1/thumb/v6-m/nofp/libgcc.a(_lshrdi3.o)
 .debug_info    0x000054ad       0x3c /usr/lib/gcc/arm-none-eabi/14.2.1/thumb/v6-m/nofp/libgcc.a(_ashldi3.o)
 .debug_info    0x000054e9      0x10b /usr/lib/gcc/arm-none-eabi/14.2.1/../../../arm-none-eabi/lib/thumb/v6-m/nofp/libg_nano.a(libc_a-init.o)
 .debug_info    0x000055f4      0x135 /usr/lib/gcc/arm-none-eabi/14.2.1/../../../arm-none-eabi/lib/thumb/v6-m/nofp/libg_nano.a(libc_a-memset.o)
 .debug_info    0x00005729      0x152 /usr/lib/gcc/arm-none-eabi/14.2.1/../../../arm-none-eabi/lib/thumb/v6-m/nofp/libg_nano.a(libc_a-memcpy-stub.o)

.debug_abbrev   0x00000000     0x1388
 .debug_abbrev  0x00000000      0x1d8 objdir-CWNANO/simpleserial-base.o
 .debug_abbrev  0x000001d8      0x400 objdir-CWNANO/mayo_core.o
 .debug_abbrev  0x000005d8      0x1ea objdir-CWNANO/mayo_shake.o
 .debug_abbrev  0x000007c2      0x322 objdir-CWNANO/simpleserial.o
 .debug_abbrev  0x00000ae4      0x225 objdir-CWNANO/stm32f0_hal_nano.o
 .debug_abbrev  0x00000d09      0x347 objdir-CWNANO/stm32f0_hal_lowlevel.o
 .debug_abbrev  0x00001050       0x28 /usr/lib/gcc/arm-none-eabi/14.2.1/thumb/v6-m/nofp/libgcc.a(_thumb1_case_uqi.o)
 .debug_abbrev  0x00001078       0x28 /usr/lib/gcc/arm-none-eabi/14.2.1/thumb/v6-m/nofp/libgcc.a(_udivsi3.o)
 .debug_abbrev  0x000010a0       0x28 /usr/lib/gcc/arm-none-eabi/14.2.1/thumb/v6-m/nofp/libgcc.a(_divsi3.o)
 .debug_abbrev  0x000010c8       0x26 /usr/lib/gcc/arm-none-eabi/14.2.1/thumb/v6-m/nofp/libgcc.a(_dvmd_tls.o)
 .debug_abbrev  0x000010ee       0x28 /usr/lib/gcc/arm-none-eabi/14.2.1/thumb/v6-m/nofp/libgcc.a(_lshrdi3.o)
 .debug_abbrev  0x00001116       0x28 /usr/lib/gcc/arm-none-eabi/14.2.1/thumb/v6-m/nofp/libgcc.a(_ashldi3.o)
 .debug_abbrev  0x0000113e       0xc9 /usr/lib/gcc/arm-none-eabi/14.2.1/../../../arm-none-eabi/lib/thumb/v6-m/nofp/libg_nano.a(libc_a-init.o)
 .debug_abbrev  0x00001207       0xb7 /usr/lib/gcc/arm-none-eabi/14.2.1/../../../arm-none-eabi/lib/thumb/v6-m/nofp/libg_nano.a(libc_a-memset.o)
 .debug_abbrev  0x000012be       0xca /usr/lib/gcc/arm-none-eabi/14.2.1/../../../arm-none-eabi/lib/thumb/v6-m/nofp/libg_nano.a(libc_a-memcpy-stub.o)

.debug_loc      0x00000000     0x4036
 .debug_loc     0x00000000      0x262 objdir-CWNANO/simpleserial-base.o
 .debug_loc     0x00000262     0x1524 objdir-CWNANO/mayo_core.o
 .debug_loc     0x00001786      0xb81 objdir-CWNANO/mayo_shake.o
 .debug_loc     0x00002307      0x8fc objdir-CWNANO/simpleserial.o
 .debug_loc     0x00002c03      0x1d4 objdir-CWNANO/stm32f0_hal_nano.o
 .debug_loc     0x00002dd7     0x125f objdir-CWNANO/stm32f0_hal_lowlevel.o

.debug_aranges  0x00000000      0x358
 .debug_aranges
                0x00000000       0x38 objdir-CWNANO/simpleserial-base.o
 .debug_aranges
                0x00000038       0x58 objdir-CWNANO/mayo_core.o
 .debug_aranges
                0x00000090       0x48 objdir-CWNANO/mayo_shake.o
 .debug_aranges
                0x000000d8       0x70 objdir-CWNANO/simpleserial.o
 .debug_aranges
                0x00000148       0x60 objdir-CWNANO/stm32f0_hal_nano.o
 .debug_aranges
                0x000001a8       0x90 objdir-CWNANO/stm32f0_hal_lowlevel.o
 .debug_aranges
                0x00000238       0x20 /usr/lib/gcc/arm-none-eabi/14.2.1/thumb/v6-m/nofp/libgcc.a(_thumb1_case_uqi.o)
 .debug_aranges
                0x00000258       0x20 /usr/lib/gcc/arm-none-eabi/14.2.1/thumb/v6-m/nofp/libgcc.a(_udivsi3.o)
 .debug_aranges
                0x00000278       0x20 /usr/lib/gcc/arm-none-eabi/14.2.1/thumb/v6-m/nofp/libgcc.a(_divsi3.o)
 .debug_aranges
                0x00000298       0x20 /usr/lib/gcc/arm-none-eabi/14.2.1/thumb/v6-m/nofp/libgcc.a(_dvmd_tls.o)
 .debug_aranges
                0x000002b8       0x20 /usr/lib/gcc/arm-none-eabi/14.2.1/thumb/v6-m/nofp/libgcc.a(_lshrdi3.o)
 .debug_aranges
                0x000002d8       0x20 /usr/lib/gcc/arm-none-eabi/14.2.1/thumb/v6-m/nofp/libgcc.a(_ashldi3.o)
 .debug_aranges
                0x000002f8       0x20 /usr/lib/gcc/arm-none-eabi/14.2.1/../../../arm-none-eabi/lib/thumb/v6-m/nofp/libg_nano.a(libc_a-init.o)
 .debug_aranges
                0x00000318       0x20 /usr/lib/gcc/arm-none-eabi/14.2.1/../../../arm-none-eabi/lib/thumb/v6-m/nofp/libg_nano.a(libc_a-memset.o)
 .debug_aranges
                0x00000338       0x20 /usr/lib/gcc/arm-none-eabi/14.2.1/../../../arm-none-eabi/lib/thumb/v6-m/nofp/libg_nano.a(libc_a-memcpy-stub.o)

.debug_ranges   0x00000000      0x5e0
 .debug_ranges  0x00000000       0x40 objdir-CWNANO/simpleserial-base.o
 .debug_ranges  0x00000040      0x250 objdir-CWNANO/mayo_core.o
 .debug_ranges  0x00000290       0x58 objdir-CWNANO/mayo_shake.o
 .debug_ranges  0x000002e8      0x140 objdir-CWNANO/simpleserial.o
 .debug_ranges  0x00000428       0xc0 objdir-CWNANO/stm32f0_hal_nano.o
 .debug_ranges  0x000004e8       0xf8 objdir-CWNANO/stm32f0_hal_lowlevel.o

.debug_line     0x00000000     0x35f2
 .debug_line    0x00000000      0x1f9 objdir-CWNANO/simpleserial-base.o
 .debug_line    0x000001f9      0xbbf objdir-CWNANO/mayo_core.o
 .debug_line    0x00000db8      0x60d objdir-CWNANO/mayo_shake.o
 .debug_line    0x000013c5      0x576 objdir-CWNANO/simpleserial.o
 .debug_line    0x0000193b      0x471 objdir-CWNANO/stm32f0_hal_nano.o
 .debug_line    0x00001dac     0x119c objdir-CWNANO/stm32f0_hal_lowlevel.o
 .debug_line    0x00002f48       0x52 /usr/lib/gcc/arm-none-eabi/14.2.1/thumb/v6-m/nofp/libgcc.a(_thumb1_case_uqi.o)
 .debug_line    0x00002f9a       0x56 /usr/lib/gcc/arm-none-eabi/14.2.1/thumb/v6-m/nofp/libgcc.a(_udivsi3.o)
 .debug_line    0x00002ff0       0x5d /usr/lib/gcc/arm-none-eabi/14.2.1/thumb/v6-m/nofp/libgcc.a(_divsi3.o)
 .debug_line    0x0000304d       0x4a /usr/lib/gcc/arm-none-eabi/14.2.1/thumb/v6-m/nofp/libgcc.a(_dvmd_tls.o)
 .debug_line    0x00003097       0x55 /usr/lib/gcc/arm-none-eabi/14.2.1/thumb/v6-m/nofp/libgcc.a(_lshrdi3.o)
 .debug_line    0x000030ec       0x55 /usr/lib/gcc/arm-none-eabi/14.2.1/thumb/v6-m/nofp/libgcc.a(_ashldi3.o)
 .debug_line    0x00003141      0x105 /usr/lib/gcc/arm-none-eabi/14.2.1/../../../arm-none-eabi/lib/thumb/v6-m/nofp/libg_nano.a(libc_a-init.o)
 .debug_line    0x00003246      0x1c1 /usr/lib/gcc/arm-none-eabi/14.2.1/../../../arm-none-eabi/lib/thumb/v6-m/nofp/libg_nano.a(libc_a-memset.o)
 .debug_line    0x00003407      0x1eb /usr/lib/gcc/arm-none-eabi/14.2.1/../../../arm-none-eabi/lib/thumb/v6-m/nofp/libg_nano.a(libc_a-memcpy-stub.o)

.debug_str      0x00000000     0x12ca
 .debug_str     0x00000000     0x12ca objdir-CWNANO/simpleserial-base.o
                                0x28e (size before relaxing)
 .debug_str     0x000012ca        0x0 objdir-CWNANO/mayo_core.o
                                0x3b7 (size before relaxing)
 .debug_str     0x000012ca        0x0 objdir-CWNANO/mayo_shake.o
                                0x288 (size before relaxing)
 .debug_str     0x000012ca        0x0 objdir-CWNANO/simpleserial.o
                                0x2c9 (size before relaxing)
 .debug_str     0x000012ca        0x0 objdir-CWNANO/stm32f0_hal_nano.o
                                0x935 (size before relaxing)
 .debug_str     0x000012ca        0x0 objdir-CWNANO/stm32f0_hal_lowlevel.o
                                0xbb9 (size before relaxing)
 .debug_str     0x000012ca        0x0 /usr/lib/gcc/arm-none-eabi/14.2.1/thumb/v6-m/nofp/libgcc.a(_thumb1_case_uqi.o)
                                 0xb5 (size before relaxing)
 .debug_str     0x000012ca        0x0 /usr/lib/gcc/arm-none-eabi/14.2.1/thumb/v6-m/nofp/libgcc.a(_udivsi3.o)
                                 0xba (size before relaxing)
 .debug_str     0x000012ca        0x0 /usr/lib/gcc/arm-none-eabi/14.2.1/thumb/v6-m/nofp/libgcc.a(_divsi3.o)
                                 0xb8 (size before relaxing)
 .debug_str     0x000012ca        0x0 /usr/lib/gcc/arm-none-eabi/14.2.1/thumb/v6-m/nofp/libgcc.a(_dvmd_tls.o)
                                 0xbb (size before relaxing)
 .debug_str     0x000012ca        0x0 /usr/lib/gcc/arm-none-eabi/14.2.1/thumb/v6-m/nofp/libgcc.a(_lshrdi3.o)
                                 0xb6 (size before relaxing)
 .debug_str     0x000012ca        0x0 /usr/lib/gcc/arm-none-eabi/14.2.1/thumb/v6-m/nofp/libgcc.a(_ashldi3.o)
                                 0xb6 (size before relaxing)
 .debug_str     0x000012ca        0x0 /usr/lib/gcc/arm-none-eabi/14.2.1/../../../arm-none-eabi/lib/thumb/v6-m/nofp/libg_nano.a(libc_a-init.o)
                                0x1f7 (size before relaxing)
 .debug_str     0x000012ca        0x0 /usr/lib/gcc/arm-none-eabi/14.2.1/../../../arm-none-eabi/lib/thumb/v6-m/nofp/libg_nano.a(libc_a-memset.o)
                                0x1aa (size before relaxing)
 .debug_str     0x000012ca        0x0 /usr/lib/gcc/arm-none-eabi/14.2.1/../../../arm-none-eabi/lib/thumb/v6-m/nofp/libg_nano.a(libc_a-memcpy-stub.o)
                                0x1c7 (size before relaxing)

.debug_frame    0x00000000      0x6d4
 .debug_frame   0x00000000       0x74 objdir-CWNANO/simpleserial-base.o
 .debug_frame   0x00000074       0xec objdir-CWNANO/mayo_core.o
 .debug_frame   0x00000160       0xc8 objdir-CWNANO/mayo_shake.o
 .debug_frame   0x00000228      0x140 objdir-CWNANO/simpleserial.o
 .debug_frame   0x00000368      0x10c objdir-CWNANO/stm32f0_hal_nano.o
 .debug_frame   0x00000474      0x194 objdir-CWNANO/stm32f0_hal_lowlevel.o
 .debug_frame   0x00000608       0x20 /usr/lib/gcc/arm-none-eabi/14.2.1/thumb/v6-m/nofp/libgcc.a(_udivsi3.o)
 .debug_frame   0x00000628       0x20 /usr/lib/gcc/arm-none-eabi/14.2.1/thumb/v6-m/nofp/libgcc.a(_divsi3.o)
 .debug_frame   0x00000648       0x2c /usr/lib/gcc/arm-none-eabi/14.2.1/../../../arm-none-eabi/lib/thumb/v6-m/nofp/libg_nano.a(libc_a-init.o)
 .debug_frame   0x00000674       0x30 /usr/lib/gcc/arm-none-eabi/14.2.1/../../../arm-none-eabi/lib/thumb/v6-m/nofp/libg_nano.a(libc_a-memset.o)
 .debug_frame   0x000006a4       0x30 /usr/lib/gcc/arm-none-eabi/14.2.1/../../../arm-none-eabi/lib/thumb/v6-m/nofp/libg_nano.a(libc_a-memcpy-stub.o)

.stab           0x00000000      0x144
 .stab          0x00000000      0x144 objdir-CWNANO/stm32f0_startup.o

.stabstr        0x00000000       0x35
 .stabstr       0x00000000       0x35 objdir-CWNANO/stm32f0_startup.o

.debug_line_str
                0x00000000       0x90
 .debug_line_str
                0x00000000       0x90 /usr/lib/gcc/arm-none-eabi/14.2.1/thumb/v6-m/nofp/libgcc.a(_thumb1_case_uqi.o)
 .debug_line_str
                0x00000090        0x0 /usr/lib/gcc/arm-none-eabi/14.2.1/thumb/v6-m/nofp/libgcc.a(_udivsi3.o)
                                 0x90 (size before relaxing)
 .debug_line_str
                0x00000090        0x0 /usr/lib/gcc/arm-none-eabi/14.2.1/thumb/v6-m/nofp/libgcc.a(_divsi3.o)
                                 0x90 (size before relaxing)
 .debug_line_str
                0x00000090        0x0 /usr/lib/gcc/arm-none-eabi/14.2.1/thumb/v6-m/nofp/libgcc.a(_dvmd_tls.o)
                                 0x90 (size before relaxing)
 .debug_line_str
                0x00000090        0x0 /usr/lib/gcc/arm-none-eabi/14.2.1/thumb/v6-m/nofp/libgcc.a(_lshrdi3.o)
                                 0x90 (size before relaxing)
 .debug_line_str
                0x00000090        0x0 /usr/lib/gcc/arm-none-eabi/14.2.1/thumb/v6-m/nofp/libgcc.a(_ashldi3.o)
                                 0x90 (size before relaxing)

.debug_loclists
                0x00000000      0x4e7
 .debug_loclists
                0x00000000       0x5a /usr/lib/gcc/arm-none-eabi/14.2.1/../../../arm-none-eabi/lib/thumb/v6-m/nofp/libg_nano.a(libc_a-init.o)
 .debug_loclists
                0x0000005a      0x1c6 /usr/lib/gcc/arm-none-eabi/14.2.1/../../../arm-none-eabi/lib/thumb/v6-m/nofp/libg_nano.a(libc_a-memset.o)
 .debug_loclists
                0x00000220      0x2c7 /usr/lib/gcc/arm-none-eabi/14.2.1/../../../arm-none-eabi/lib/thumb/v6-m/nofp/libg_nano.a(libc_a-memcpy-stub.o)

Cross Reference Table

Symbol                                            File
BusFault_Handler                                  objdir-CWNANO/stm32f0_startup.o
DebugMon_Handler                                  objdir-CWNANO/stm32f0_startup.o
Default_Handler                                   objdir-CWNANO/stm32f0_startup.o
GF16_MUL                                          objdir-CWNANO/mayo_core.o
HAL_GPIO_Init                                     objdir-CWNANO/stm32f0_hal_lowlevel.o
                                                  objdir-CWNANO/stm32f0_hal_nano.o
HAL_GPIO_WritePin                                 objdir-CWNANO/stm32f0_hal_lowlevel.o
                                                  objdir-CWNANO/stm32f0_hal_nano.o
HAL_GetTick                                       objdir-CWNANO/stm32f0_hal_lowlevel.o
HAL_RCCEx_PeriphCLKConfig                         objdir-CWNANO/stm32f0_hal_lowlevel.o
HAL_RCC_ClockConfig                               objdir-CWNANO/stm32f0_hal_lowlevel.o
                                                  objdir-CWNANO/stm32f0_hal_nano.o
HAL_RCC_GetPCLK1Freq                              objdir-CWNANO/stm32f0_hal_lowlevel.o
HAL_RCC_GetPCLK2Freq                              objdir-CWNANO/stm32f0_hal_lowlevel.o
HAL_RCC_GetSysClockFreq                           objdir-CWNANO/stm32f0_hal_lowlevel.o
HAL_RCC_OscConfig                                 objdir-CWNANO/stm32f0_hal_lowlevel.o
                                                  objdir-CWNANO/stm32f0_hal_nano.o
HAL_UART_Init                                     objdir-CWNANO/stm32f0_hal_lowlevel.o
                                                  objdir-CWNANO/stm32f0_hal_nano.o
HAL_UART_Receive                                  objdir-CWNANO/stm32f0_hal_lowlevel.o
                                                  objdir-CWNANO/stm32f0_hal_nano.o
HAL_UART_Transmit                                 objdir-CWNANO/stm32f0_hal_lowlevel.o
                                                  objdir-CWNANO/stm32f0_hal_nano.o
HardFault_Handler                                 objdir-CWNANO/stm32f0_startup.o
MemManage_Handler                                 objdir-CWNANO/stm32f0_startup.o
NMI_Handler                                       objdir-CWNANO/stm32f0_startup.o
PendSV_Handler                                    objdir-CWNANO/stm32f0_startup.o
Reset_Handler                                     objdir-CWNANO/stm32f0_startup.o
SVC_Handler                                       objdir-CWNANO/stm32f0_startup.o
SysTick_Handler                                   objdir-CWNANO/stm32f0_startup.o
SystemCoreClock                                   objdir-CWNANO/stm32f0_hal_lowlevel.o
SystemInit                                        objdir-CWNANO/stm32f0_startup.o
UART_CheckIdleState                               objdir-CWNANO/stm32f0_hal_lowlevel.o
UART_SetConfig                                    objdir-CWNANO/stm32f0_hal_lowlevel.o
UART_WaitOnFlagUntilTimeout                       objdir-CWNANO/stm32f0_hal_lowlevel.o
UartHandle                                        objdir-CWNANO/stm32f0_hal_nano.o
UsageFault_Handler                                objdir-CWNANO/stm32f0_startup.o
_ITM_deregisterTMCloneTable                       /usr/lib/gcc/arm-none-eabi/14.2.1/thumb/v6-m/nofp/crtbegin.o
_ITM_registerTMCloneTable                         /usr/lib/gcc/arm-none-eabi/14.2.1/thumb/v6-m/nofp/crtbegin.o
__TMC_END__                                       /usr/lib/gcc/arm-none-eabi/14.2.1/thumb/v6-m/nofp/crtend.o
                                                  /usr/lib/gcc/arm-none-eabi/14.2.1/thumb/v6-m/nofp/crtbegin.o
__aeabi_idiv                                      /usr/lib/gcc/arm-none-eabi/14.2.1/thumb/v6-m/nofp/libgcc.a(_divsi3.o)
__aeabi_idiv0                                     /usr/lib/gcc/arm-none-eabi/14.2.1/thumb/v6-m/nofp/libgcc.a(_dvmd_tls.o)
                                                  /usr/lib/gcc/arm-none-eabi/14.2.1/thumb/v6-m/nofp/libgcc.a(_divsi3.o)
                                                  /usr/lib/gcc/arm-none-eabi/14.2.1/thumb/v6-m/nofp/libgcc.a(_udivsi3.o)
__aeabi_idivmod                                   /usr/lib/gcc/arm-none-eabi/14.2.1/thumb/v6-m/nofp/libgcc.a(_divsi3.o)
                                                  objdir-CWNANO/mayo_shake.o
__aeabi_ldiv0                                     /usr/lib/gcc/arm-none-eabi/14.2.1/thumb/v6-m/nofp/libgcc.a(_dvmd_tls.o)
__aeabi_llsl                                      /usr/lib/gcc/arm-none-eabi/14.2.1/thumb/v6-m/nofp/libgcc.a(_ashldi3.o)
                                                  objdir-CWNANO/mayo_shake.o
__aeabi_llsr                                      /usr/lib/gcc/arm-none-eabi/14.2.1/thumb/v6-m/nofp/libgcc.a(_lshrdi3.o)
                                                  objdir-CWNANO/mayo_shake.o
__aeabi_uidiv                                     /usr/lib/gcc/arm-none-eabi/14.2.1/thumb/v6-m/nofp/libgcc.a(_udivsi3.o)
                                                  objdir-CWNANO/stm32f0_hal_lowlevel.o
__aeabi_uidivmod                                  /usr/lib/gcc/arm-none-eabi/14.2.1/thumb/v6-m/nofp/libgcc.a(_udivsi3.o)
__ashldi3                                         /usr/lib/gcc/arm-none-eabi/14.2.1/thumb/v6-m/nofp/libgcc.a(_ashldi3.o)
__atexit                                          /usr/lib/gcc/arm-none-eabi/14.2.1/../../../arm-none-eabi/lib/thumb/v6-m/nofp/libg_nano.a(libc_a-__call_atexit.o)
                                                  /usr/lib/gcc/arm-none-eabi/14.2.1/../../../arm-none-eabi/lib/thumb/v6-m/nofp/libg_nano.a(libc_a-__atexit.o)
__atexit0                                         /usr/lib/gcc/arm-none-eabi/14.2.1/../../../arm-none-eabi/lib/thumb/v6-m/nofp/libg_nano.a(libc_a-__atexit.o)
__atexit_dummy                                    /usr/lib/gcc/arm-none-eabi/14.2.1/../../../arm-none-eabi/lib/thumb/v6-m/nofp/libg_nano.a(libc_a-__atexit.o)
__bss_end__                                       /usr/lib/gcc/arm-none-eabi/14.2.1/../../../arm-none-eabi/lib/thumb/v6-m/nofp/crt0.o
__bss_start__                                     /usr/lib/gcc/arm-none-eabi/14.2.1/../../../arm-none-eabi/lib/thumb/v6-m/nofp/crt0.o
__call_exitprocs                                  /usr/lib/gcc/arm-none-eabi/14.2.1/../../../arm-none-eabi/lib/thumb/v6-m/nofp/libg_nano.a(libc_a-__call_atexit.o)
                                                  /usr/lib/gcc/arm-none-eabi/14.2.1/../../../arm-none-eabi/lib/thumb/v6-m/nofp/libg_nano.a(libc_a-__atexit.o)
                                                  /usr/lib/gcc/arm-none-eabi/14.2.1/../../../arm-none-eabi/lib/thumb/v6-m/nofp/libg_nano.a(libc_a-exit.o)
__deregister_frame_info                           /usr/lib/gcc/arm-none-eabi/14.2.1/thumb/v6-m/nofp/crtbegin.o
__divsi3                                          /usr/lib/gcc/arm-none-eabi/14.2.1/thumb/v6-m/nofp/libgcc.a(_divsi3.o)
__dso_handle                                      /usr/lib/gcc/arm-none-eabi/14.2.1/thumb/v6-m/nofp/crtbegin.o
__fini_array_end                                  /usr/lib/gcc/arm-none-eabi/14.2.1/../../../arm-none-eabi/lib/thumb/v6-m/nofp/libg_nano.a(libc_a-fini.o)
__fini_array_start                                /usr/lib/gcc/arm-none-eabi/14.2.1/../../../arm-none-eabi/lib/thumb/v6-m/nofp/libg_nano.a(libc_a-fini.o)
__fp_lock_all                                     /usr/lib/gcc/arm-none-eabi/14.2.1/../../../arm-none-eabi/lib/thumb/v6-m/nofp/libg_nano.a(libc_a-findfp.o)
__fp_unlock_all                                   /usr/lib/gcc/arm-none-eabi/14.2.1/../../../arm-none-eabi/lib/thumb/v6-m/nofp/libg_nano.a(libc_a-findfp.o)
__gnu_thumb1_case_uqi                             /usr/lib/gcc/arm-none-eabi/14.2.1/thumb/v6-m/nofp/libgcc.a(_thumb1_case_uqi.o)
                                                  objdir-CWNANO/stm32f0_hal_lowlevel.o
__init_array_end                                  /usr/lib/gcc/arm-none-eabi/14.2.1/../../../arm-none-eabi/lib/thumb/v6-m/nofp/libg_nano.a(libc_a-init.o)
__init_array_start                                /usr/lib/gcc/arm-none-eabi/14.2.1/../../../arm-none-eabi/lib/thumb/v6-m/nofp/libg_nano.a(libc_a-init.o)
__libc_fini_array                                 /usr/lib/gcc/arm-none-eabi/14.2.1/../../../arm-none-eabi/lib/thumb/v6-m/nofp/libg_nano.a(libc_a-fini.o)
                                                  /usr/lib/gcc/arm-none-eabi/14.2.1/../../../arm-none-eabi/lib/thumb/v6-m/nofp/crt0.o
__libc_init_array                                 /usr/lib/gcc/arm-none-eabi/14.2.1/../../../arm-none-eabi/lib/thumb/v6-m/nofp/libg_nano.a(libc_a-init.o)
                                                  objdir-CWNANO/stm32f0_startup.o
                                                  /usr/lib/gcc/arm-none-eabi/14.2.1/../../../arm-none-eabi/lib/thumb/v6-m/nofp/crt0.o
__lshrdi3                                         /usr/lib/gcc/arm-none-eabi/14.2.1/thumb/v6-m/nofp/libgcc.a(_lshrdi3.o)
__malloc_free_list                                /usr/lib/gcc/arm-none-eabi/14.2.1/../../../arm-none-eabi/lib/thumb/v6-m/nofp/libg_nano.a(libc_a-mallocr.o)
                                                  /usr/lib/gcc/arm-none-eabi/14.2.1/../../../arm-none-eabi/lib/thumb/v6-m/nofp/libg_nano.a(libc_a-freer.o)
__malloc_lock                                     /usr/lib/gcc/arm-none-eabi/14.2.1/../../../arm-none-eabi/lib/thumb/v6-m/nofp/libg_nano.a(libc_a-mlock.o)
                                                  /usr/lib/gcc/arm-none-eabi/14.2.1/../../../arm-none-eabi/lib/thumb/v6-m/nofp/libg_nano.a(libc_a-freer.o)
                                                  /usr/lib/gcc/arm-none-eabi/14.2.1/../../../arm-none-eabi/lib/thumb/v6-m/nofp/libg_nano.a(libc_a-mallocr.o)
__malloc_sbrk_start                               /usr/lib/gcc/arm-none-eabi/14.2.1/../../../arm-none-eabi/lib/thumb/v6-m/nofp/libg_nano.a(libc_a-mallocr.o)
__malloc_unlock                                   /usr/lib/gcc/arm-none-eabi/14.2.1/../../../arm-none-eabi/lib/thumb/v6-m/nofp/libg_nano.a(libc_a-mlock.o)
                                                  /usr/lib/gcc/arm-none-eabi/14.2.1/../../../arm-none-eabi/lib/thumb/v6-m/nofp/libg_nano.a(libc_a-freer.o)
                                                  /usr/lib/gcc/arm-none-eabi/14.2.1/../../../arm-none-eabi/lib/thumb/v6-m/nofp/libg_nano.a(libc_a-mallocr.o)
__on_exit_args                                    /usr/lib/gcc/arm-none-eabi/14.2.1/../../../arm-none-eabi/lib/thumb/v6-m/nofp/libg_nano.a(libc_a-__atexit.o)
__preinit_array_end                               /usr/lib/gcc/arm-none-eabi/14.2.1/../../../arm-none-eabi/lib/thumb/v6-m/nofp/libg_nano.a(libc_a-init.o)
__preinit_array_start                             /usr/lib/gcc/arm-none-eabi/14.2.1/../../../arm-none-eabi/lib/thumb/v6-m/nofp/libg_nano.a(libc_a-init.o)
__register_exitproc                               /usr/lib/gcc/arm-none-eabi/14.2.1/../../../arm-none-eabi/lib/thumb/v6-m/nofp/libg_nano.a(libc_a-__atexit.o)
                                                  /usr/lib/gcc/arm-none-eabi/14.2.1/../../../arm-none-eabi/lib/thumb/v6-m/nofp/libg_nano.a(libc_a-atexit.o)
__register_frame_info                             /usr/lib/gcc/arm-none-eabi/14.2.1/thumb/v6-m/nofp/crtbegin.o
__sclose                                          /usr/lib/gcc/arm-none-eabi/14.2.1/../../../arm-none-eabi/lib/thumb/v6-m/nofp/libg_nano.a(libc_a-stdio.o)
                                                  /usr/lib/gcc/arm-none-eabi/14.2.1/../../../arm-none-eabi/lib/thumb/v6-m/nofp/libg_nano.a(libc_a-findfp.o)
__seofread                                        /usr/lib/gcc/arm-none-eabi/14.2.1/../../../arm-none-eabi/lib/thumb/v6-m/nofp/libg_nano.a(libc_a-stdio.o)
__sf                                              /usr/lib/gcc/arm-none-eabi/14.2.1/../../../arm-none-eabi/lib/thumb/v6-m/nofp/libg_nano.a(libc_a-findfp.o)
                                                  /usr/lib/gcc/arm-none-eabi/14.2.1/../../../arm-none-eabi/lib/thumb/v6-m/nofp/libg_nano.a(libc_a-impure.o)
__sflush_r                                        /usr/lib/gcc/arm-none-eabi/14.2.1/../../../arm-none-eabi/lib/thumb/v6-m/nofp/libg_nano.a(libc_a-fflush.o)
__sfp                                             /usr/lib/gcc/arm-none-eabi/14.2.1/../../../arm-none-eabi/lib/thumb/v6-m/nofp/libg_nano.a(libc_a-findfp.o)
__sfp_lock_acquire                                /usr/lib/gcc/arm-none-eabi/14.2.1/../../../arm-none-eabi/lib/thumb/v6-m/nofp/libg_nano.a(libc_a-findfp.o)
__sfp_lock_release                                /usr/lib/gcc/arm-none-eabi/14.2.1/../../../arm-none-eabi/lib/thumb/v6-m/nofp/libg_nano.a(libc_a-findfp.o)
__sglue                                           /usr/lib/gcc/arm-none-eabi/14.2.1/../../../arm-none-eabi/lib/thumb/v6-m/nofp/libg_nano.a(libc_a-findfp.o)
                                                  /usr/lib/gcc/arm-none-eabi/14.2.1/../../../arm-none-eabi/lib/thumb/v6-m/nofp/libg_nano.a(libc_a-fflush.o)
__sinit                                           /usr/lib/gcc/arm-none-eabi/14.2.1/../../../arm-none-eabi/lib/thumb/v6-m/nofp/libg_nano.a(libc_a-findfp.o)
                                                  /usr/lib/gcc/arm-none-eabi/14.2.1/../../../arm-none-eabi/lib/thumb/v6-m/nofp/libg_nano.a(libc_a-fflush.o)
__sread                                           /usr/lib/gcc/arm-none-eabi/14.2.1/../../../arm-none-eabi/lib/thumb/v6-m/nofp/libg_nano.a(libc_a-stdio.o)
                                                  /usr/lib/gcc/arm-none-eabi/14.2.1/../../../arm-none-eabi/lib/thumb/v6-m/nofp/libg_nano.a(libc_a-findfp.o)
__sseek                                           /usr/lib/gcc/arm-none-eabi/14.2.1/../../../arm-none-eabi/lib/thumb/v6-m/nofp/libg_nano.a(libc_a-stdio.o)
                                                  /usr/lib/gcc/arm-none-eabi/14.2.1/../../../arm-none-eabi/lib/thumb/v6-m/nofp/libg_nano.a(libc_a-findfp.o)
__stack                                           /usr/lib/gcc/arm-none-eabi/14.2.1/../../../arm-none-eabi/lib/thumb/v6-m/nofp/crt0.o
__stdio_exit_handler                              /usr/lib/gcc/arm-none-eabi/14.2.1/../../../arm-none-eabi/lib/thumb/v6-m/nofp/libg_nano.a(libc_a-findfp.o)
                                                  /usr/lib/gcc/arm-none-eabi/14.2.1/../../../arm-none-eabi/lib/thumb/v6-m/nofp/libg_nano.a(libc_a-exit.o)
__swrite                                          /usr/lib/gcc/arm-none-eabi/14.2.1/../../../arm-none-eabi/lib/thumb/v6-m/nofp/libg_nano.a(libc_a-stdio.o)
                                                  /usr/lib/gcc/arm-none-eabi/14.2.1/../../../arm-none-eabi/lib/thumb/v6-m/nofp/libg_nano.a(libc_a-findfp.o)
__udivsi3                                         /usr/lib/gcc/arm-none-eabi/14.2.1/thumb/v6-m/nofp/libgcc.a(_udivsi3.o)
_close                                            objdir-CWNANO/hal.o
                                                  /usr/lib/gcc/arm-none-eabi/14.2.1/../../../arm-none-eabi/lib/thumb/v6-m/nofp/libg_nano.a(libc_a-closer.o)
_close_r                                          /usr/lib/gcc/arm-none-eabi/14.2.1/../../../arm-none-eabi/lib/thumb/v6-m/nofp/libg_nano.a(libc_a-closer.o)
                                                  /usr/lib/gcc/arm-none-eabi/14.2.1/../../../arm-none-eabi/lib/thumb/v6-m/nofp/libg_nano.a(libc_a-stdio.o)
_ebss                                             objdir-CWNANO/stm32f0_startup.o
_edata                                            objdir-CWNANO/stm32f0_startup.o
_estack                                           objdir-CWNANO/stm32f0_startup.o
_exit                                             /usr/lib/gcc/arm-none-eabi/14.2.1/../../../arm-none-eabi/lib/thumb/v6-m/nofp/libnosys.a(_exit.o)
                                                  /usr/lib/gcc/arm-none-eabi/14.2.1/../../../arm-none-eabi/lib/thumb/v6-m/nofp/libg_nano.a(libc_a-exit.o)
_fflush_r                                         /usr/lib/gcc/arm-none-eabi/14.2.1/../../../arm-none-eabi/lib/thumb/v6-m/nofp/libg_nano.a(libc_a-fflush.o)
                                                  /usr/lib/gcc/arm-none-eabi/14.2.1/../../../arm-none-eabi/lib/thumb/v6-m/nofp/libg_nano.a(libc_a-findfp.o)
_fini                                             /usr/lib/gcc/arm-none-eabi/14.2.1/thumb/v6-m/nofp/crti.o
                                                  /usr/lib/gcc/arm-none-eabi/14.2.1/../../../arm-none-eabi/lib/thumb/v6-m/nofp/libg_nano.a(libc_a-fini.o)
_free_r                                           /usr/lib/gcc/arm-none-eabi/14.2.1/../../../arm-none-eabi/lib/thumb/v6-m/nofp/libg_nano.a(libc_a-freer.o)
                                                  /usr/lib/gcc/arm-none-eabi/14.2.1/../../../arm-none-eabi/lib/thumb/v6-m/nofp/libg_nano.a(libc_a-reent.o)
                                                  /usr/lib/gcc/arm-none-eabi/14.2.1/../../../arm-none-eabi/lib/thumb/v6-m/nofp/libg_nano.a(libc_a-fflush.o)
_fstat                                            objdir-CWNANO/hal.o
_fwalk_sglue                                      /usr/lib/gcc/arm-none-eabi/14.2.1/../../../arm-none-eabi/lib/thumb/v6-m/nofp/libg_nano.a(libc_a-fwalk.o)
                                                  /usr/lib/gcc/arm-none-eabi/14.2.1/../../../arm-none-eabi/lib/thumb/v6-m/nofp/libg_nano.a(libc_a-fflush.o)
                                                  /usr/lib/gcc/arm-none-eabi/14.2.1/../../../arm-none-eabi/lib/thumb/v6-m/nofp/libg_nano.a(libc_a-findfp.o)
_getpid                                           objdir-CWNANO/hal.o
_impure_data                                      /usr/lib/gcc/arm-none-eabi/14.2.1/../../../arm-none-eabi/lib/thumb/v6-m/nofp/libg_nano.a(libc_a-impure.o)
                                                  /usr/lib/gcc/arm-none-eabi/14.2.1/../../../arm-none-eabi/lib/thumb/v6-m/nofp/libg_nano.a(libc_a-fflush.o)
                                                  /usr/lib/gcc/arm-none-eabi/14.2.1/../../../arm-none-eabi/lib/thumb/v6-m/nofp/libg_nano.a(libc_a-findfp.o)
_impure_ptr                                       /usr/lib/gcc/arm-none-eabi/14.2.1/../../../arm-none-eabi/lib/thumb/v6-m/nofp/libg_nano.a(libc_a-impure.o)
                                                  /usr/lib/gcc/arm-none-eabi/14.2.1/../../../arm-none-eabi/lib/thumb/v6-m/nofp/libg_nano.a(libc_a-reent.o)
                                                  /usr/lib/gcc/arm-none-eabi/14.2.1/../../../arm-none-eabi/lib/thumb/v6-m/nofp/libg_nano.a(libc_a-fflush.o)
_init                                             /usr/lib/gcc/arm-none-eabi/14.2.1/thumb/v6-m/nofp/crti.o
                                                  /usr/lib/gcc/arm-none-eabi/14.2.1/../../../arm-none-eabi/lib/thumb/v6-m/nofp/libg_nano.a(libc_a-init.o)
_isatty                                           objdir-CWNANO/hal.o
_kill                                             objdir-CWNANO/hal.o
_lseek                                            objdir-CWNANO/hal.o
                                                  /usr/lib/gcc/arm-none-eabi/14.2.1/../../../arm-none-eabi/lib/thumb/v6-m/nofp/libg_nano.a(libc_a-lseekr.o)
_lseek_r                                          /usr/lib/gcc/arm-none-eabi/14.2.1/../../../arm-none-eabi/lib/thumb/v6-m/nofp/libg_nano.a(libc_a-lseekr.o)
                                                  /usr/lib/gcc/arm-none-eabi/14.2.1/../../../arm-none-eabi/lib/thumb/v6-m/nofp/libg_nano.a(libc_a-stdio.o)
_mainCRTStartup                                   /usr/lib/gcc/arm-none-eabi/14.2.1/../../../arm-none-eabi/lib/thumb/v6-m/nofp/crt0.o
_malloc_r                                         /usr/lib/gcc/arm-none-eabi/14.2.1/../../../arm-none-eabi/lib/thumb/v6-m/nofp/libg_nano.a(libc_a-mallocr.o)
                                                  /usr/lib/gcc/arm-none-eabi/14.2.1/../../../arm-none-eabi/lib/thumb/v6-m/nofp/libg_nano.a(libc_a-findfp.o)
_read                                             objdir-CWNANO/hal.o
                                                  /usr/lib/gcc/arm-none-eabi/14.2.1/../../../arm-none-eabi/lib/thumb/v6-m/nofp/libg_nano.a(libc_a-readr.o)
_read_r                                           /usr/lib/gcc/arm-none-eabi/14.2.1/../../../arm-none-eabi/lib/thumb/v6-m/nofp/libg_nano.a(libc_a-readr.o)
                                                  /usr/lib/gcc/arm-none-eabi/14.2.1/../../../arm-none-eabi/lib/thumb/v6-m/nofp/libg_nano.a(libc_a-stdio.o)
_reclaim_reent                                    /usr/lib/gcc/arm-none-eabi/14.2.1/../../../arm-none-eabi/lib/thumb/v6-m/nofp/libg_nano.a(libc_a-reent.o)
_sbrk                                             /usr/lib/gcc/arm-none-eabi/14.2.1/../../../arm-none-eabi/lib/thumb/v6-m/nofp/libnosys.a(sbrk.o)
                                                  /usr/lib/gcc/arm-none-eabi/14.2.1/../../../arm-none-eabi/lib/thumb/v6-m/nofp/libg_nano.a(libc_a-sbrkr.o)
_sbrk_r                                           /usr/lib/gcc/arm-none-eabi/14.2.1/../../../arm-none-eabi/lib/thumb/v6-m/nofp/libg_nano.a(libc_a-sbrkr.o)
                                                  /usr/lib/gcc/arm-none-eabi/14.2.1/../../../arm-none-eabi/lib/thumb/v6-m/nofp/libg_nano.a(libc_a-mallocr.o)
_sbss                                             objdir-CWNANO/stm32f0_startup.o
_sdata                                            objdir-CWNANO/stm32f0_startup.o
_sidata                                           objdir-CWNANO/stm32f0_startup.o
_stack_init                                       /usr/lib/gcc/arm-none-eabi/14.2.1/../../../arm-none-eabi/lib/thumb/v6-m/nofp/crt0.o
_start                                            /usr/lib/gcc/arm-none-eabi/14.2.1/../../../arm-none-eabi/lib/thumb/v6-m/nofp/crt0.o
_write                                            objdir-CWNANO/hal.o
                                                  /usr/lib/gcc/arm-none-eabi/14.2.1/../../../arm-none-eabi/lib/thumb/v6-m/nofp/libg_nano.a(libc_a-writer.o)
_write_r                                          /usr/lib/gcc/arm-none-eabi/14.2.1/../../../arm-none-eabi/lib/thumb/v6-m/nofp/libg_nano.a(libc_a-writer.o)
                                                  /usr/lib/gcc/arm-none-eabi/14.2.1/../../../arm-none-eabi/lib/thumb/v6-m/nofp/libg_nano.a(libc_a-stdio.o)
atexit                                            /usr/lib/gcc/arm-none-eabi/14.2.1/../../../arm-none-eabi/lib/thumb/v6-m/nofp/libg_nano.a(libc_a-atexit.o)
                                                  /usr/lib/gcc/arm-none-eabi/14.2.1/../../../arm-none-eabi/lib/thumb/v6-m/nofp/crt0.o
check_version                                     objdir-CWNANO/simpleserial.o
cmd_load_key                                      objdir-CWNANO/simpleserial-base.o
cmd_reset                                         objdir-CWNANO/simpleserial-base.o
cmd_sign                                          objdir-CWNANO/simpleserial-base.o
end                                               /usr/lib/gcc/arm-none-eabi/14.2.1/../../../arm-none-eabi/lib/thumb/v6-m/nofp/libnosys.a(sbrk.o)
errno                                             /usr/lib/gcc/arm-none-eabi/14.2.1/../../../arm-none-eabi/lib/thumb/v6-m/nofp/libg_nano.a(libc_a-reent.o)
                                                  /usr/lib/gcc/arm-none-eabi/14.2.1/../../../arm-none-eabi/lib/thumb/v6-m/nofp/libg_nano.a(libc_a-lseekr.o)
                                                  /usr/lib/gcc/arm-none-eabi/14.2.1/../../../arm-none-eabi/lib/thumb/v6-m/nofp/libg_nano.a(libc_a-closer.o)
                                                  /usr/lib/gcc/arm-none-eabi/14.2.1/../../../arm-none-eabi/lib/thumb/v6-m/nofp/libg_nano.a(libc_a-writer.o)
                                                  /usr/lib/gcc/arm-none-eabi/14.2.1/../../../arm-none-eabi/lib/thumb/v6-m/nofp/libg_nano.a(libc_a-readr.o)
                                                  /usr/lib/gcc/arm-none-eabi/14.2.1/../../../arm-none-eabi/lib/thumb/v6-m/nofp/libg_nano.a(libc_a-sbrkr.o)
exit                                              /usr/lib/gcc/arm-none-eabi/14.2.1/../../../arm-none-eabi/lib/thumb/v6-m/nofp/libg_nano.a(libc_a-exit.o)
                                                  /usr/lib/gcc/arm-none-eabi/14.2.1/../../../arm-none-eabi/lib/thumb/v6-m/nofp/crt0.o
fflush                                            /usr/lib/gcc/arm-none-eabi/14.2.1/../../../arm-none-eabi/lib/thumb/v6-m/nofp/libg_nano.a(libc_a-fflush.o)
g_mayo_esk                                        objdir-CWNANO/mayo_core.o
                                                  objdir-CWNANO/simpleserial-base.o
g_pfnVectors                                      objdir-CWNANO/stm32f0_startup.o
g_shake                                           objdir-CWNANO/mayo_shake.o
                                                  objdir-CWNANO/mayo_core.o
getch                                             objdir-CWNANO/stm32f0_hal_nano.o
                                                  objdir-CWNANO/simpleserial.o
hardware_init_hook                                /usr/lib/gcc/arm-none-eabi/14.2.1/../../../arm-none-eabi/lib/thumb/v6-m/nofp/crt0.o
hex_decode                                        objdir-CWNANO/simpleserial.o
init_uart                                         objdir-CWNANO/stm32f0_hal_nano.o
                                                  objdir-CWNANO/simpleserial-base.o
led_error                                         objdir-CWNANO/stm32f0_hal_nano.o
                                                  objdir-CWNANO/hal.o
led_ok                                            objdir-CWNANO/stm32f0_hal_nano.o
                                                  objdir-CWNANO/hal.o
main                                              objdir-CWNANO/simpleserial-base.o
                                                  objdir-CWNANO/stm32f0_startup.o
                                                  /usr/lib/gcc/arm-none-eabi/14.2.1/../../../arm-none-eabi/lib/thumb/v6-m/nofp/crt0.o
malloc                                            /usr/lib/gcc/arm-none-eabi/14.2.1/../../../arm-none-eabi/lib/thumb/v6-m/nofp/libg_nano.a(libc_a-__atexit.o)
mayo_expand_sk                                    objdir-CWNANO/mayo_core.o
                                                  objdir-CWNANO/simpleserial-base.o
mayo_sign                                         objdir-CWNANO/mayo_core.o
                                                  objdir-CWNANO/simpleserial-base.o
memcpy                                            /usr/lib/gcc/arm-none-eabi/14.2.1/../../../arm-none-eabi/lib/thumb/v6-m/nofp/libg_nano.a(libc_a-memcpy-stub.o)
                                                  objdir-CWNANO/mayo_core.o
memset                                            /usr/lib/gcc/arm-none-eabi/14.2.1/../../../arm-none-eabi/lib/thumb/v6-m/nofp/libg_nano.a(libc_a-memset.o)
                                                  /usr/lib/gcc/arm-none-eabi/14.2.1/../../../arm-none-eabi/lib/thumb/v6-m/nofp/libg_nano.a(libc_a-findfp.o)
                                                  objdir-CWNANO/mayo_shake.o
                                                  objdir-CWNANO/mayo_core.o
                                                  objdir-CWNANO/simpleserial-base.o
                                                  /usr/lib/gcc/arm-none-eabi/14.2.1/../../../arm-none-eabi/lib/thumb/v6-m/nofp/crt0.o
platform_init                                     objdir-CWNANO/stm32f0_hal_nano.o
                                                  objdir-CWNANO/simpleserial-base.o
putch                                             objdir-CWNANO/stm32f0_hal_nano.o
                                                  objdir-CWNANO/simpleserial.o
shake256_absorb                                   objdir-CWNANO/mayo_shake.o
                                                  objdir-CWNANO/mayo_core.o
shake256_finalize                                 objdir-CWNANO/mayo_shake.o
                                                  objdir-CWNANO/mayo_core.o
shake256_init                                     objdir-CWNANO/mayo_shake.o
                                                  objdir-CWNANO/mayo_core.o
shake256_multi                                    objdir-CWNANO/mayo_shake.o
                                                  objdir-CWNANO/mayo_core.o
shake256_squeeze                                  objdir-CWNANO/mayo_shake.o
                                                  objdir-CWNANO/mayo_core.o
simpleserial_addcmd                               objdir-CWNANO/simpleserial.o
                                                  objdir-CWNANO/simpleserial-base.o
simpleserial_addcmd_flags                         objdir-CWNANO/simpleserial.o
simpleserial_get                                  objdir-CWNANO/simpleserial.o
                                                  objdir-CWNANO/simpleserial-base.o
simpleserial_init                                 objdir-CWNANO/simpleserial.o
                                                  objdir-CWNANO/simpleserial-base.o
simpleserial_put                                  objdir-CWNANO/simpleserial.o
                                                  objdir-CWNANO/simpleserial-base.o
software_init_hook                                /usr/lib/gcc/arm-none-eabi/14.2.1/../../../arm-none-eabi/lib/thumb/v6-m/nofp/crt0.o
ss_crc                                            objdir-CWNANO/simpleserial.o
ss_get_commands                                   objdir-CWNANO/simpleserial.o
ss_num_commands                                   objdir-CWNANO/simpleserial.o
trigger_high                                      objdir-CWNANO/stm32f0_hal_nano.o
                                                  objdir-CWNANO/simpleserial-base.o
trigger_low                                       objdir-CWNANO/stm32f0_hal_nano.o
                                                  objdir-CWNANO/simpleserial-base.o
trigger_setup                                     objdir-CWNANO/stm32f0_hal_nano.o
                                                  objdir-CWNANO/simpleserial-base.o
